###############################################################################
#
# IAR ELF Linker V7.20.1.7305/W32 for ARM                 17/Nov/2018  14:23:46
# Copyright 2007-2014 IAR Systems AB.
#
#    Output file  =  
#        C:\Users\10428\Desktop\项目model\firmware_ascii\iar_7_20_1\Debug\Exe\eie_ascii-01.out
#    Map file     =  
#        C:\Users\10428\Desktop\项目model\firmware_ascii\iar_7_20_1\Debug\List\eie_ascii-01.map
#    Command line =  
#        C:\Users\10428\Desktop\项目model\firmware_ascii\iar_7_20_1\Debug\Obj\adc12.o
#        C:\Users\10428\Desktop\项目model\firmware_ascii\iar_7_20_1\Debug\Obj\ant.o
#        C:\Users\10428\Desktop\项目model\firmware_ascii\iar_7_20_1\Debug\Obj\ant_api.o
#        C:\Users\10428\Desktop\项目model\firmware_ascii\iar_7_20_1\Debug\Obj\board_cstartup_iar.o
#        C:\Users\10428\Desktop\项目model\firmware_ascii\iar_7_20_1\Debug\Obj\buttons.o
#        C:\Users\10428\Desktop\项目model\firmware_ascii\iar_7_20_1\Debug\Obj\core_cm3.o
#        C:\Users\10428\Desktop\项目model\firmware_ascii\iar_7_20_1\Debug\Obj\debug.o
#        C:\Users\10428\Desktop\项目model\firmware_ascii\iar_7_20_1\Debug\Obj\eief1-pcb-01.o
#        C:\Users\10428\Desktop\项目model\firmware_ascii\iar_7_20_1\Debug\Obj\exceptions.o
#        C:\Users\10428\Desktop\项目model\firmware_ascii\iar_7_20_1\Debug\Obj\interrupts.o
#        C:\Users\10428\Desktop\项目model\firmware_ascii\iar_7_20_1\Debug\Obj\lcd_nhd-c0220biz.o
#        C:\Users\10428\Desktop\项目model\firmware_ascii\iar_7_20_1\Debug\Obj\leds.o
#        C:\Users\10428\Desktop\项目model\firmware_ascii\iar_7_20_1\Debug\Obj\main.o
#        C:\Users\10428\Desktop\项目model\firmware_ascii\iar_7_20_1\Debug\Obj\messaging.o
#        C:\Users\10428\Desktop\项目model\firmware_ascii\iar_7_20_1\Debug\Obj\sam3u_i2c.o
#        C:\Users\10428\Desktop\项目model\firmware_ascii\iar_7_20_1\Debug\Obj\sam3u_ssp.o
#        C:\Users\10428\Desktop\项目model\firmware_ascii\iar_7_20_1\Debug\Obj\sam3u_uart.o
#        C:\Users\10428\Desktop\项目model\firmware_ascii\iar_7_20_1\Debug\Obj\sdcard.o
#        C:\Users\10428\Desktop\项目model\firmware_ascii\iar_7_20_1\Debug\Obj\timer.o
#        C:\Users\10428\Desktop\项目model\firmware_ascii\iar_7_20_1\Debug\Obj\user_app1.o
#        C:\Users\10428\Desktop\项目model\firmware_ascii\iar_7_20_1\Debug\Obj\user_app2.o
#        C:\Users\10428\Desktop\项目model\firmware_ascii\iar_7_20_1\Debug\Obj\user_app3.o
#        C:\Users\10428\Desktop\项目model\firmware_ascii\iar_7_20_1\Debug\Obj\utilities.o
#        --redirect _Printf=_PrintfTiny --redirect _Scanf=_ScanfSmallNoMb -o
#        C:\Users\10428\Desktop\项目model\firmware_ascii\iar_7_20_1\Debug\Exe\eie_ascii-01.out
#        --map
#        C:\Users\10428\Desktop\项目model\firmware_ascii\iar_7_20_1\Debug\List\eie_ascii-01.map
#        --log initialization,modules,sections --log_file
#        C:\Users\10428\Desktop\项目model\firmware_ascii\iar_7_20_1\Debug\List\eie_ascii-01.log
#        --config
#        C:\Users\10428\Desktop\项目model\firmware_ascii\iar_7_20_1\..\..\firmware_common\sam3u2-flash.icf
#        --semihosting --entry __iar_program_start --vfe
#
###############################################################################

*******************************************************************************
*** RUNTIME MODEL ATTRIBUTES
***

CppFlavor       = *
__Heap_Handler  = Basic
__SystemLibrary = DLib


*******************************************************************************
*** PLACEMENT SUMMARY
***

"A1":  place at 0x00080000 { ro section .intvec };
"P1":  place in [from 0x00080000 to 0x0009ffff] { ro };
"P2":  place in [from 0x20000000 to 0x20003fff] { rw, block CSTACK };
"P3":  place in [from 0x20080000 to 0x20083fff] { block HEAP };

  Section            Kind        Address    Size  Object
  -------            ----        -------    ----  ------
"A1":                                       0xbc
  .intvec                     0x00080000    0xbc  <Block>
    .intvec          const    0x00080000    0xbc  board_cstartup_iar.o [1]
                            - 0x000800bc    0xbc

"P1":                                     0x59cc
  .text              ro code  0x000800bc  0x1282  ant.o [1]
  .text              ro code  0x0008133e    0x3a  exceptions.o [1]
  .text              ro code  0x00081378    0xe4  utilities.o [1]
  .text              ro code  0x0008145c    0x76  ABImemcpy_unaligned.o [4]
  .text              ro code  0x000814d2    0x22  zero_init3.o [4]
  .text              ro code  0x000814f4   0x728  debug.o [1]
  .text              ro code  0x00081c1c   0x930  sam3u_ssp.o [1]
  .text              ro code  0x0008254c    0xb0  xxmemxmalloc.o [3]
  .text              ro code  0x000825fc    0x80  xxmemxfree.o [3]
  .text              ro code  0x0008267c   0x29c  messaging.o [1]
  .text              ro code  0x00082918    0x44  strcpy_unaligned.o [4]
  .text              ro code  0x0008295c   0x578  sam3u_uart.o [1]
  .text              ro code  0x00082ed4   0x33c  leds.o [1]
  .text              ro code  0x00083210    0x66  ABImemset.o [4]
  .rodata            const    0x00083276     0x2  debug.o [1]
  .text              ro code  0x00083278    0x2c  xgetmemchunk.o [3]
  .text              ro code  0x000832a4   0x7f0  sam3u_i2c.o [1]
  .text              ro code  0x00083a94   0x494  ant_api.o [1]
  .text              ro code  0x00083f28   0x458  eief1-pcb-01.o [1]
  .text              ro code  0x00084380   0x36e  user_app1.o [1]
  .text              ro code  0x000846ee     0x2  timer.o [1]
  .text              ro code  0x000846f0   0x294  buttons.o [1]
  .text              ro code  0x00084984   0x14e  lcd_nhd-c0220biz.o [1]
  .text              ro code  0x00084ad4   0x1c4  interrupts.o [1]
  .text              ro code  0x00084c98   0x1c2  lz77_init.o [4]
  .text              ro code  0x00084e5a     0x6  abort.o [3]
  .text              ro code  0x00084e60    0x14  exit.o [5]
  .text              ro code  0x00084e74   0x152  adc12.o [1]
  .text              ro code  0x00084fc8    0xfe  timer.o [1]
  .text              ro code  0x000850c8    0xe4  main.o [1]
  .text              ro code  0x000851ac    0x4e  sdcard.o [1]
  .text              ro code  0x000851fc    0x1a  user_app2.o [1]
  .text              ro code  0x00085218    0x1a  user_app3.o [1]
  .rodata            const    0x00085234    0x50  debug.o [1]
  .rodata            const    0x00085284    0x48  debug.o [1]
  .rodata            const    0x000852cc    0x38  ant_api.o [1]
  .rodata            const    0x00085304    0x2c  ant.o [1]
  .rodata            const    0x00085330    0x28  ant.o [1]
  .text              ro code  0x00085358    0x28  data_init.o [4]
  .rodata            const    0x00085380    0x24  ant.o [1]
  .rodata            const    0x000853a4    0x24  ant.o [1]
  .rodata            const    0x000853c8    0x24  debug.o [1]
  .rodata            const    0x000853ec    0x24  debug.o [1]
  .rodata            const    0x00085410    0x24  debug.o [1]
  .rodata            const    0x00085434    0x24  debug.o [1]
  .rodata            const    0x00085458    0x24  debug.o [1]
  .rodata            const    0x0008547c    0x24  debug.o [1]
  .rodata            const    0x000854a0    0x24  debug.o [1]
  .rodata            const    0x000854c4    0x24  debug.o [1]
  .rodata            const    0x000854e8    0x24  debug.o [1]
  .iar.init_table    const    0x0008550c    0x2c  - Linker created -
  .rodata            const    0x00085538    0x20  ant.o [1]
  .rodata            const    0x00085558    0x20  interrupts.o [1]
  .rodata            const    0x00085578    0x20  sam3u_uart.o [1]
  .rodata            const    0x00085598    0x1c  adc12.o [1]
  .rodata            const    0x000855b4    0x1c  ant.o [1]
  .rodata            const    0x000855d0    0x1c  debug.o [1]
  .rodata            const    0x000855ec    0x1c  user_app1.o [1]
  .rodata            const    0x00085608    0x1c  user_app1.o [1]
  .text              ro code  0x00085624    0x1a  cmain.o [4]
  .text              ro code  0x00085640    0x14  board_cstartup_iar.o [1]
  .text              ro code  0x00085654     0x4  exit.o [3]
  .text              ro code  0x00085658     0xa  cexit.o [4]
  .rodata            const    0x00085664    0x18  ant.o [1]
  .rodata            const    0x0008567c    0x18  ant.o [1]
  .rodata            const    0x00085694    0x18  lcd_nhd-c0220biz.o [1]
  .rodata            const    0x000856ac    0x18  sdcard.o [1]
  .rodata            const    0x000856c4    0x18  timer.o [1]
  .rodata            const    0x000856dc    0x14  ant.o [1]
  .rodata            const    0x000856f0    0x14  ant.o [1]
  .rodata            const    0x00085704    0x14  ant.o [1]
  .rodata            const    0x00085718    0x14  ant.o [1]
  .rodata            const    0x0008572c    0x14  debug.o [1]
  .rodata            const    0x00085740    0x10  ant.o [1]
  .rodata            const    0x00085750    0x10  ant_api.o [1]
  .rodata            const    0x00085760    0x10  buttons.o [1]
  .rodata            const    0x00085770    0x10  user_app1.o [1]
  .rodata            const    0x00085780     0xc  ant.o [1]
  .rodata            const    0x0008578c     0xc  debug.o [1]
  .rodata            const    0x00085798     0xc  debug.o [1]
  .text              ro code  0x000857a4     0xc  cstartup_M.o [4]
  .rodata            const    0x000857b0     0x8  lcd_nhd-c0220biz.o [1]
  .rodata            const    0x000857b8     0x8  user_app1.o [1]
  .rodata            const    0x000857c0     0x8  user_app1.o [1]
  .rodata            const    0x000857c8     0x4  ant_api.o [1]
  .rodata            const    0x000857cc     0x0  zero_init3.o [4]
  .rodata            const    0x000857cc     0x0  lz77_init.o [4]
  Initializer bytes  ro data  0x000857cc   0x2bc  <for P2 s0>
                            - 0x00085a88  0x59cc

"P2":                                     0x27a0
  P2 s0                       0x20000000   0x462  <Init block>
    .data            inited   0x20000000    0x70  leds.o [1]
    .data            inited   0x20000070    0x50  ant.o [1]
    .data            inited   0x200000c0    0x44  debug.o [1]
    .data            inited   0x20000104    0x40  ant.o [1]
    .data            inited   0x20000144    0x40  debug.o [1]
    .data            inited   0x20000184    0x2c  lcd_nhd-c0220biz.o [1]
    .data            inited   0x200001b0    0x2c  leds.o [1]
    .data            inited   0x200001dc    0x28  ant.o [1]
    .data            inited   0x20000204    0x20  ant.o [1]
    .data            inited   0x20000224    0x20  ant.o [1]
    .data            inited   0x20000244    0x20  debug.o [1]
    .data            inited   0x20000264    0x20  eief1-pcb-01.o [1]
    .data            inited   0x20000284    0x1c  ant_api.o [1]
    .data            inited   0x200002a0    0x18  ant.o [1]
    .data            inited   0x200002b8    0x18  ant.o [1]
    .data            inited   0x200002d0    0x18  ant.o [1]
    .data            inited   0x200002e8    0x18  ant.o [1]
    .data            inited   0x20000300    0x18  debug.o [1]
    .data            inited   0x20000318    0x18  leds.o [1]
    .data            inited   0x20000330    0x18  sam3u_ssp.o [1]
    .data            inited   0x20000348    0x18  sam3u_ssp.o [1]
    .data            inited   0x20000360    0x14  ant.o [1]
    .data            inited   0x20000374    0x14  buttons.o [1]
    .data            inited   0x20000388    0x14  debug.o [1]
    .data            inited   0x2000039c    0x10  ant.o [1]
    .data            inited   0x200003ac     0xc  ant.o [1]
    .data            inited   0x200003b8     0xc  ant.o [1]
    .data            inited   0x200003c4     0x8  ant.o [1]
    .data            inited   0x200003cc     0x8  ant.o [1]
    .data            inited   0x200003d4     0x8  ant.o [1]
    .data            inited   0x200003dc     0x8  ant.o [1]
    .data            inited   0x200003e4     0x8  ant.o [1]
    .data            inited   0x200003ec     0x8  ant.o [1]
    .data            inited   0x200003f4     0x8  ant.o [1]
    .data            inited   0x200003fc     0x8  ant.o [1]
    .data            inited   0x20000404     0x8  ant.o [1]
    .data            inited   0x2000040c     0x8  buttons.o [1]
    .data            inited   0x20000414     0x8  debug.o [1]
    .data            inited   0x2000041c     0x8  user_app1.o [1]
    .data            inited   0x20000424     0x8  user_app1.o [1]
    .data            inited   0x2000042c     0x8  user_app1.o [1]
    .data            inited   0x20000434     0x8  utilities.o [1]
    .data            inited   0x2000043c     0x8  utilities.o [1]
    .data            inited   0x20000444     0x4  adc12.o [1]
    .data            inited   0x20000448     0x4  debug.o [1]
    .data            inited   0x2000044c     0x4  messaging.o [1]
    .data            inited   0x20000450     0x4  user_app1.o [1]
    .data            inited   0x20000454     0x4  user_app1.o [1]
    .data            inited   0x20000458     0x4  user_app1.o [1]
    .data            inited   0x2000045c     0x4  user_app1.o [1]
    .data            inited   0x20000460     0x2  interrupts.o [1]
  .bss               zero     0x20000464   0x900  messaging.o [1]
  .bss               zero     0x20000d64   0x300  messaging.o [1]
  .bss               zero     0x20001064   0x100  ant.o [1]
  .bss               zero     0x20001164   0x100  sam3u_i2c.o [1]
  .bss               zero     0x20001264    0xa0  ant.o [1]
  .bss               zero     0x20001304    0x80  debug.o [1]
  .bss               zero     0x20001384    0x80  debug.o [1]
  .bss               zero     0x20001404    0x40  debug.o [1]
  .bss               zero     0x20001444    0x38  sam3u_ssp.o [1]
  .bss               zero     0x2000147c    0x38  sam3u_ssp.o [1]
  .bss               zero     0x200014b4    0x38  sam3u_ssp.o [1]
  .bss               zero     0x200014ec    0x24  ant.o [1]
  .bss               zero     0x20001510    0x24  sam3u_uart.o [1]
  .bss               zero     0x20001534    0x24  sam3u_uart.o [1]
  .bss               zero     0x20001558    0x24  sam3u_uart.o [1]
  .bss               zero     0x2000157c    0x24  sam3u_uart.o [1]
  .bss               zero     0x200015a0    0x20  adc12.o [1]
  .bss               zero     0x200015c0    0x14  user_app1.o [1]
  .bss               zero     0x200015d4    0x10  buttons.o [1]
  .bss               zero     0x200015e4    0x10  buttons.o [1]
  .bss               zero     0x200015f4    0x10  sam3u_i2c.o [1]
  .bss               zero     0x20001604     0xc  ant.o [1]
  .bss               zero     0x20001610     0x8  ant_api.o [1]
  .bss               zero     0x20001618     0x8  ant_api.o [1]
  .bss               zero     0x20001620     0x8  xxmemxmalloc.o [3]
  .bss               zero     0x20001628     0x4  adc12.o [1]
  .bss               zero     0x2000162c     0x4  ant.o [1]
  .bss               zero     0x20001630     0x4  ant.o [1]
  .bss               zero     0x20001634     0x4  ant.o [1]
  .bss               zero     0x20001638     0x4  ant.o [1]
  .bss               zero     0x2000163c     0x4  ant.o [1]
  .bss               zero     0x20001640     0x4  ant.o [1]
  .bss               zero     0x20001644     0x4  ant.o [1]
  .bss               zero     0x20001648     0x4  ant.o [1]
  .bss               zero     0x2000164c     0x4  ant.o [1]
  .bss               zero     0x20001650     0x4  ant.o [1]
  .bss               zero     0x20001654     0x4  ant.o [1]
  .bss               zero     0x20001658     0x4  ant.o [1]
  .bss               zero     0x2000165c     0x4  ant.o [1]
  .bss               zero     0x20001660     0x4  ant.o [1]
  .bss               zero     0x20001664     0x4  ant.o [1]
  .bss               zero     0x20001668     0x4  ant.o [1]
  .bss               zero     0x2000166c     0x4  ant.o [1]
  .bss               zero     0x20001670     0x4  ant.o [1]
  .bss               zero     0x20001674     0x4  ant.o [1]
  .bss               zero     0x20001678     0x4  ant.o [1]
  .bss               zero     0x2000167c     0x4  ant.o [1]
  .bss               zero     0x20001680     0x4  ant.o [1]
  .bss               zero     0x20001684     0x4  ant_api.o [1]
  .bss               zero     0x20001688     0x4  ant_api.o [1]
  .bss               zero     0x2000168c     0x4  ant_api.o [1]
  .bss               zero     0x20001690     0x4  buttons.o [1]
  .bss               zero     0x20001694     0x4  buttons.o [1]
  .bss               zero     0x20001698     0x4  buttons.o [1]
  .bss               zero     0x2000169c     0x4  buttons.o [1]
  .bss               zero     0x200016a0     0x4  buttons.o [1]
  .bss               zero     0x200016a4     0x4  debug.o [1]
  .bss               zero     0x200016a8     0x4  debug.o [1]
  .bss               zero     0x200016ac     0x4  debug.o [1]
  .bss               zero     0x200016b0     0x4  debug.o [1]
  .bss               zero     0x200016b4     0x4  debug.o [1]
  .bss               zero     0x200016b8     0x4  debug.o [1]
  .bss               zero     0x200016bc     0x4  debug.o [1]
  .bss               zero     0x200016c0     0x4  eief1-pcb-01.o [1]
  .bss               zero     0x200016c4     0x4  eief1-pcb-01.o [1]
  .bss               zero     0x200016c8     0x4  eief1-pcb-01.o [1]
  .bss               zero     0x200016cc     0x4  eief1-pcb-01.o [1]
  .bss               zero     0x200016d0     0x4  lcd_nhd-c0220biz.o [1]
  .bss               zero     0x200016d4     0x4  lcd_nhd-c0220biz.o [1]
  .bss               zero     0x200016d8     0x4  main.o [1]
  .bss               zero     0x200016dc     0x4  main.o [1]
  .bss               zero     0x200016e0     0x4  messaging.o [1]
  .bss               zero     0x200016e4     0x4  messaging.o [1]
  .bss               zero     0x200016e8     0x4  messaging.o [1]
  .bss               zero     0x200016ec     0x4  messaging.o [1]
  .bss               zero     0x200016f0     0x4  sam3u_i2c.o [1]
  .bss               zero     0x200016f4     0x4  sam3u_i2c.o [1]
  .bss               zero     0x200016f8     0x4  sam3u_i2c.o [1]
  .bss               zero     0x200016fc     0x4  sam3u_i2c.o [1]
  .bss               zero     0x20001700     0x4  sam3u_i2c.o [1]
  .bss               zero     0x20001704     0x4  sam3u_i2c.o [1]
  .bss               zero     0x20001708     0x4  sam3u_ssp.o [1]
  .bss               zero     0x2000170c     0x4  sam3u_ssp.o [1]
  .bss               zero     0x20001710     0x4  sam3u_ssp.o [1]
  .bss               zero     0x20001714     0x4  sam3u_ssp.o [1]
  .bss               zero     0x20001718     0x4  sam3u_ssp.o [1]
  .bss               zero     0x2000171c     0x4  sam3u_ssp.o [1]
  .bss               zero     0x20001720     0x4  sam3u_ssp.o [1]
  .bss               zero     0x20001724     0x4  sam3u_ssp.o [1]
  .bss               zero     0x20001728     0x4  sam3u_ssp.o [1]
  .bss               zero     0x2000172c     0x4  sam3u_ssp.o [1]
  .bss               zero     0x20001730     0x4  sam3u_ssp.o [1]
  .bss               zero     0x20001734     0x4  sam3u_ssp.o [1]
  .bss               zero     0x20001738     0x4  sam3u_uart.o [1]
  .bss               zero     0x2000173c     0x4  sam3u_uart.o [1]
  .bss               zero     0x20001740     0x4  sam3u_uart.o [1]
  .bss               zero     0x20001744     0x4  sam3u_uart.o [1]
  .bss               zero     0x20001748     0x4  sam3u_uart.o [1]
  .bss               zero     0x2000174c     0x4  sam3u_uart.o [1]
  .bss               zero     0x20001750     0x4  sam3u_uart.o [1]
  .bss               zero     0x20001754     0x4  sam3u_uart.o [1]
  .bss               zero     0x20001758     0x4  sam3u_uart.o [1]
  .bss               zero     0x2000175c     0x4  sam3u_uart.o [1]
  .bss               zero     0x20001760     0x4  sdcard.o [1]
  .bss               zero     0x20001764     0x4  timer.o [1]
  .bss               zero     0x20001768     0x4  timer.o [1]
  .bss               zero     0x2000176c     0x4  timer.o [1]
  .bss               zero     0x20001770     0x4  user_app1.o [1]
  .bss               zero     0x20001774     0x4  user_app1.o [1]
  .bss               zero     0x20001778     0x4  user_app1.o [1]
  .bss               zero     0x2000177c     0x4  user_app2.o [1]
  .bss               zero     0x20001780     0x4  user_app3.o [1]
  .bss               zero     0x20001784     0x4  xgetmemchunk.o [3]
  .bss               zero     0x20001788     0x2  debug.o [1]
  .bss               zero     0x2000178a     0x2  lcd_nhd-c0220biz.o [1]
  .bss               zero     0x2000178c     0x1  adc12.o [1]
  .bss               zero     0x2000178d     0x1  ant.o [1]
  .bss               zero     0x2000178e     0x1  ant.o [1]
  .bss               zero     0x2000178f     0x1  ant.o [1]
  .bss               zero     0x20001790     0x1  ant.o [1]
  .bss               zero     0x20001791     0x1  ant_api.o [1]
  .bss               zero     0x20001792     0x1  ant_api.o [1]
  .bss               zero     0x20001793     0x1  ant_api.o [1]
  .bss               zero     0x20001794     0x1  ant_api.o [1]
  .bss               zero     0x20001795     0x1  debug.o [1]
  .bss               zero     0x20001796     0x1  debug.o [1]
  .bss               zero     0x20001797     0x1  debug.o [1]
  .bss               zero     0x20001798     0x1  messaging.o [1]
  .bss               zero     0x20001799     0x1  sam3u_i2c.o [1]
  .bss               zero     0x2000179a     0x1  sam3u_i2c.o [1]
  .bss               zero     0x2000179b     0x1  sam3u_i2c.o [1]
  .bss               zero     0x2000179c     0x1  sam3u_uart.o [1]
  .bss               zero     0x2000179d     0x1  user_app1.o [1]
  .bss               zero     0x2000179e     0x1  user_app1.o [1]
  CSTACK                      0x200017a0  0x1000  <Block>
    CSTACK           uninit   0x200017a0  0x1000  <Block tail>
                            - 0x200027a0  0x27a0

"P3":                                     0x4000
  HEAP                        0x20080000  0x4000  <Block>
    HEAP             uninit   0x20080000  0x4000  <Block tail>
                            - 0x20084000  0x4000


*******************************************************************************
*** INIT TABLE
***

          Address     Size
          -------     ----
Zero (__iar_zero_init3)
    1 destination range, total size 0x133b:
          0x20000464  0x133b

Copy/lz77 (__iar_lz77_init3)
    1 source range, total size 0x2bc (62% of destination):
          0x000857cc   0x2bc
    1 destination range, total size 0x462:
          0x20000000   0x462



*******************************************************************************
*** MODULE SUMMARY
***

    Module                 ro code  ro data  rw data
    ------                 -------  -------  -------
C:\Users\10428\Desktop\项目model\firmware_ascii\iar_7_20_1\Debug\Obj: [1]
    adc12.o                    338       30       41
    ant.o                    4 738      669    1 032
    ant_api.o                1 172       94       60
    board_cstartup_iar.o        20      188
    buttons.o                  660       33       80
    debug.o                  1 832      689      573
    eief1-pcb-01.o           1 112       20       48
    exceptions.o                58
    interrupts.o               452       34        2
    lcd_nhd-c0220biz.o         334       59       54
    leds.o                     828      111      180
    main.o                     228                 8
    messaging.o                668        2    3 093
    sam3u_i2c.o              2 032               299
    sam3u_ssp.o              2 352       30      264
    sam3u_uart.o             1 400       32      185
    sdcard.o                    78       24        4
    timer.o                    256       24       12
    user_app1.o                878      113       74
    user_app2.o                 26                 4
    user_app3.o                 26                 4
    utilities.o                228       10       16
    ------------------------------------------------
    Total:                  19 716    2 162    6 033

command line: [2]
    ------------------------------------------------
    Total:

dl7M_tln.a: [3]
    abort.o                      6
    exit.o                       4
    xgetmemchunk.o              44                 4
    xxmemxfree.o               128
    xxmemxmalloc.o             176                 8
    ------------------------------------------------
    Total:                     358                12

rt7M_tl.a: [4]
    ABImemcpy_unaligned.o      118
    ABImemset.o                102
    cexit.o                     10
    cmain.o                     26
    cstartup_M.o                12
    data_init.o                 40
    lz77_init.o                450
    strcpy_unaligned.o          68
    zero_init3.o                34
    ------------------------------------------------
    Total:                     860

shb_l.a: [5]
    exit.o                      20
    ------------------------------------------------
    Total:                      20

    Gaps                        12        4        2
    Linker created                       44   20 480
----------------------------------------------------
    Grand Total:            20 966    2 210   26 527


*******************************************************************************
*** ENTRY LIST
***

Entry                      Address   Size  Type      Object
-----                      -------   ----  ----      ------
.intvec$$Base           0x00080000          --   Gb  - Linker created -
.intvec$$Limit          0x000800bc          --   Gb  - Linker created -
?main                   0x00085625         Code  Gb  cmain.o [4]
ADCC0_IrqHandler        0x00084f1f   0x5e  Code  Gb  adc12.o [1]
ADCC1_IrqHandler        0x00081373    0x2  Code  Wk  exceptions.o [1]
Adc12DefaultCallback    0x00084f1d    0x2  Code  Gb  adc12.o [1]
Adc12Initialize         0x00084e9d   0x76  Code  Gb  adc12.o [1]
Adc12RunActiveState     0x00084f13    0xa  Code  Gb  adc12.o [1]
Adc12SM_Idle            0x00084fc5    0x2  Code  Lc  adc12.o [1]
Adc12_StateMachine      0x20001628    0x4  Data  Lc  adc12.o [1]
Adc12_aeChannels        0x20000444    0x4  Data  Lc  adc12.o [1]
Adc12_afCallbacks       0x200015a0   0x20  Data  Lc  adc12.o [1]
Adc12_bAdcAvailable     0x2000178c    0x1  Data  Lc  adc12.o [1]
AddNewMessageStatus     0x0008289d   0x34  Code  Lc  messaging.o [1]
AdvanceAntRxBufferCurrentChar
                        0x0008042b   0x28  Code  Lc  ant.o [1]
AdvanceAntRxBufferUnreadMsgPointer
                        0x00080453   0x28  Code  Lc  ant.o [1]
AntAbortMessage         0x000803ff   0x2c  Code  Lc  ant.o [1]
AntApiInitialize        0x00083dc1   0x12  Code  Gb  ant_api.o [1]
AntApiRunActiveState    0x00083dd3    0xa  Code  Gb  ant_api.o [1]
AntApiSM_AssignChannel  0x00083de5   0xd0  Code  Lc  ant_api.o [1]
AntApiSM_Idle           0x00083de1    0x2  Code  Lc  ant_api.o [1]
AntApi_StateMachine     0x20001688    0x4  Data  Lc  ant_api.o [1]
AntApi_apu8AntAssignChannel
                        0x20000284   0x1c  Data  Lc  ant_api.o [1]
AntApi_u32Timeout       0x2000168c    0x4  Data  Lc  ant_api.o [1]
AntAssignChannel        0x00083a95  0x1ea  Code  Gb  ant_api.o [1]
AntCalculateTxChecksum  0x00080a5b   0x24  Code  Gb  ant.o [1]
AntDeQueueApplicationMessage
                        0x00080b45   0x38  Code  Gb  ant.o [1]
AntDeQueueOutgoingMessage
                        0x00081105   0x22  Code  Lc  ant.o [1]
AntExpectResponse       0x00080931   0xd6  Code  Gb  ant.o [1]
AntInitialize           0x0008058b  0x22a  Code  Gb  ant.o [1]
AntOpenChannelNumber    0x00083c7f   0x46  Code  Gb  ant_api.o [1]
AntParseExtendedData    0x0008047b  0x110  Code  Lc  ant.o [1]
AntProcessMessage       0x00080bc5  0x3fc  Code  Lc  ant.o [1]
AntQueueAcknowledgedMessage
                        0x00083d07   0x34  Code  Gb  ant_api.o [1]
AntQueueExtendedApplicationMessage
                        0x00081037   0xc6  Code  Lc  ant.o [1]
AntQueueOutgoingMessage
                        0x00080a7f   0xc6  Code  Gb  ant.o [1]
AntRadioStatusChannel   0x00083cc5   0x42  Code  Gb  ant_api.o [1]
AntReadAppMessageBuffer
                        0x00083d3b   0x86  Code  Gb  ant_api.o [1]
AntRunActiveState       0x000807b5    0xc  Code  Gb  ant.o [1]
AntRxFlowControlCallback
                        0x00080a21   0x3a  Code  Gb  ant.o [1]
AntRxMessage            0x000801bb  0x244  Code  Lc  ant.o [1]
AntSM_Idle              0x00081135   0x8c  Code  Gb  ant.o [1]
AntSM_NoResponse        0x0008133d    0x2  Code  Gb  ant.o [1]
AntSM_ReceiveMessage    0x000811c1   0x18  Code  Gb  ant.o [1]
AntSM_TransmitMessage   0x000811f9   0x76  Code  Gb  ant.o [1]
AntSrdyPulse            0x00080191   0x2a  Code  Lc  ant.o [1]
AntSyncSerialInitialize
                        0x000800bd   0xd4  Code  Lc  ant.o [1]
AntTickExtended         0x00080fc9   0x6e  Code  Lc  ant.o [1]
AntTxFlowControlCallback
                        0x00080a09   0x16  Code  Gb  ant.o [1]
AntTxMessage            0x000807c1  0x170  Code  Gb  ant.o [1]
Ant_DebugProcessRxMessages
                        0x2000167c    0x4  Data  Lc  ant.o [1]
Ant_DebugQueuedDataMessages
                        0x20001680    0x4  Data  Lc  ant.o [1]
Ant_DebugRxMessageCounter
                        0x20001674    0x4  Data  Lc  ant.o [1]
Ant_DebugTotalRxMessages
                        0x20001678    0x4  Data  Lc  ant.o [1]
Ant_Ssp                 0x20001658    0x4  Data  Lc  ant.o [1]
Ant_au8AntRxBuffer      0x20001064  0x100  Data  Lc  ant.o [1]
Ant_pfnStateMachine     0x20001638    0x4  Data  Lc  ant.o [1]
Ant_psDataOutgoingMsgList
                        0x2000166c    0x4  Data  Lc  ant.o [1]
Ant_pu8AntRxBufferCurrentChar
                        0x20001660    0x4  Data  Lc  ant.o [1]
Ant_pu8AntRxBufferNextChar
                        0x2000165c    0x4  Data  Lc  ant.o [1]
Ant_pu8AntRxBufferUnreadMsg
                        0x20001664    0x4  Data  Lc  ant.o [1]
Ant_sSspConfig          0x200014ec   0x24  Data  Lc  ant.o [1]
Ant_u32ApplicationMessageCount
                        0x20001668    0x4  Data  Lc  ant.o [1]
Ant_u32CurrentTxMessageToken
                        0x20001654    0x4  Data  Lc  ant.o [1]
Ant_u32OutgoingMessageCount
                        0x20001670    0x4  Data  Lc  ant.o [1]
Ant_u32RxByteCounter    0x20001648    0x4  Data  Lc  ant.o [1]
Ant_u32RxTimeoutCounter
                        0x2000164c    0x4  Data  Lc  ant.o [1]
Ant_u32RxTimer          0x2000163c    0x4  Data  Lc  ant.o [1]
Ant_u32TxByteCounter    0x20001644    0x4  Data  Lc  ant.o [1]
Ant_u32TxTimer          0x20001640    0x4  Data  Lc  ant.o [1]
Ant_u32UnexpectedByteCounter
                        0x20001650    0x4  Data  Lc  ant.o [1]
Ant_u8AntNewRxMessages  0x2000178d    0x1  Data  Lc  ant.o [1]
Ant_u8AntVersion        0x20001604    0xc  Data  Lc  ant.o [1]
Ant_u8SlaveMissedMessageHigh
                        0x2000178e    0x1  Data  Lc  ant.o [1]
Ant_u8SlaveMissedMessageLow
                        0x20001790    0x1  Data  Lc  ant.o [1]
Ant_u8SlaveMissedMessageMid
                        0x2000178f    0x1  Data  Lc  ant.o [1]
Bsp_u32TimingViolationsCounter
                        0x200016c8    0x4  Data  Lc  eief1-pcb-01.o [1]
BusFault_Handler        0x00081345    0x2  Code  Wk  exceptions.o [1]
ButtonAcknowledge       0x0008472b    0x8  Code  Gb  buttons.o [1]
ButtonInitialize        0x00084733   0xb0  Code  Gb  buttons.o [1]
ButtonRunActiveState    0x000847e3    0xa  Code  Gb  buttons.o [1]
ButtonSM_ButtonActive   0x00084835   0xfc  Code  Lc  buttons.o [1]
ButtonSM_Idle           0x00084815   0x20  Code  Lc  buttons.o [1]
Button_abNewPress       0x200016a0    0x4  Data  Lc  buttons.o [1]
Button_aeCurrentState   0x20001698    0x4  Data  Lc  buttons.o [1]
Button_aeNewState       0x2000169c    0x4  Data  Lc  buttons.o [1]
Button_au32ButtonPins   0x00085760   0x10  Data  Lc  buttons.o [1]
Button_au32HoldTimeStart
                        0x200015e4   0x10  Data  Lc  buttons.o [1]
Button_pfnStateMachine  0x20001694    0x4  Data  Lc  buttons.o [1]
Buttons_asArray         0x2000040c    0x8  Data  Lc  buttons.o [1]
CSTACK$$Base            0x200017a0          --   Gb  - Linker created -
CSTACK$$Limit           0x200027a0          --   Gb  - Linker created -
ClockSetup              0x00083f29   0x80  Code  Gb  eief1-pcb-01.o [1]
DBGU_IrqHandler         0x00082c59   0x1e  Code  Gb  sam3u_uart.o [1]
DeQueueMessage          0x000827af   0x56  Code  Gb  messaging.o [1]
DebugCommandDummy       0x000817e7   0x1a  Code  Lc  debug.o [1]
DebugCommandLedTestToggle
                        0x00081801   0x86  Code  Lc  debug.o [1]
DebugCommandPrepareList
                        0x00081749   0x9e  Code  Lc  debug.o [1]
DebugCommandSysTimeToggle
                        0x000818ed   0x48  Code  Lc  debug.o [1]
DebugInitialize         0x00081659   0xbc  Code  Gb  debug.o [1]
DebugLedTestCharacter   0x00081887   0x66  Code  Lc  debug.o [1]
DebugLineFeed           0x00081519   0x1c  Code  Gb  debug.o [1]
DebugMon_Handler        0x0008134b    0x2  Code  Wk  exceptions.o [1]
DebugPrintNumber        0x00081535   0xb0  Code  Gb  debug.o [1]
DebugPrintf             0x000814f5   0x24  Code  Gb  debug.o [1]
DebugRunActiveState     0x00081715    0xc  Code  Gb  debug.o [1]
DebugRxCallback         0x00081721   0x28  Code  Gb  debug.o [1]
DebugSM_CheckCmd        0x00081a8d   0xb2  Code  Lc  debug.o [1]
DebugSM_Error           0x00081b59   0x34  Code  Lc  debug.o [1]
DebugSM_Idle            0x00081935  0x158  Code  Lc  debug.o [1]
DebugSM_ProcessCmd      0x00081b41   0x18  Code  Lc  debug.o [1]
Debug_Uart              0x200016ac    0x4  Data  Lc  debug.o [1]
Debug_au8CommandBuffer  0x20001404   0x40  Data  Lc  debug.o [1]
Debug_au8Commands       0x20000144   0x40  Data  Gb  debug.o [1]
Debug_au8RxBuffer       0x20001384   0x80  Data  Lc  debug.o [1]
Debug_au8StartupMsg     0x200000c0   0x44  Data  Lc  debug.o [1]
Debug_pfnStateMachine   0x200016a8    0x4  Data  Lc  debug.o [1]
Debug_pu8CmdBufferNextChar
                        0x200016bc    0x4  Data  Lc  debug.o [1]
Debug_pu8RxBufferNextChar
                        0x200016b4    0x4  Data  Lc  debug.o [1]
Debug_pu8RxBufferParser
                        0x200016b8    0x4  Data  Lc  debug.o [1]
Debug_u16CommandSize    0x20001788    0x2  Data  Lc  debug.o [1]
Debug_u32CurrentMessageToken
                        0x200016b0    0x4  Data  Lc  debug.o [1]
Debug_u8Command         0x20001797    0x1  Data  Lc  debug.o [1]
Debug_u8ErrorCode       0x20001796    0x1  Data  Lc  debug.o [1]
EFC0_IrqHandler         0x0008135b    0x2  Code  Wk  exceptions.o [1]
EFC1_IrqHandler         0x0008135d    0x2  Code  Wk  exceptions.o [1]
G_abButtonDebounceActive
                        0x20001690    0x4  Data  Gb  buttons.o [1]
G_asAntChannelConfiguration
                        0x20001264   0xa0  Data  Gb  ant.o [1]
G_au32ButtonDebounceTimeStart
                        0x200015d4   0x10  Data  Gb  buttons.o [1]
G_au8ANTGetVersion      0x20000404    0x8  Data  Gb  ant.o [1]
G_au8AntAckDataMessage  0x200003b8    0xc  Data  Gb  ant.o [1]
G_au8AntApiCurrentMessageBytes
                        0x20001610    0x8  Data  Gb  ant_api.o [1]
G_au8AntAssignChannel   0x200003d4    0x8  Data  Gb  ant.o [1]
G_au8AntLibConfig       0x200003fc    0x8  Data  Gb  ant.o [1]
G_au8AntMessageAssign   0x200002a0   0x18  Data  Gb  ant.o [1]
G_au8AntMessageClose    0x200002d0   0x18  Data  Gb  ant.o [1]
G_au8AntMessageFail     0x200003cc    0x8  Data  Gb  ant.o [1]
G_au8AntMessageInit     0x200002e8   0x18  Data  Gb  ant.o [1]
G_au8AntMessageInitFail
                        0x20000204   0x20  Data  Gb  ant.o [1]
G_au8AntMessageNoAnt    0x20000104   0x40  Data  Gb  ant.o [1]
G_au8AntMessageOk       0x200003c4    0x8  Data  Gb  ant.o [1]
G_au8AntMessageOpen     0x20000360   0x14  Data  Gb  ant.o [1]
G_au8AntMessageUnassign
                        0x200002b8   0x18  Data  Gb  ant.o [1]
G_au8AntMessageUnhandled
                        0x200001dc   0x28  Data  Gb  ant.o [1]
G_au8AntSetChannelID    0x200003dc    0x8  Data  Gb  ant.o [1]
G_au8AntSetChannelPeriod
                        0x200003e4    0x8  Data  Gb  ant.o [1]
G_au8AntSetChannelPower
                        0x200003f4    0x8  Data  Gb  ant.o [1]
G_au8AntSetChannelRFFreq
                        0x200003ec    0x8  Data  Gb  ant.o [1]
G_au8AntSetNetworkKey   0x200003ac    0xc  Data  Gb  ant.o [1]
G_au8DebugScanfBuffer   0x20001304   0x80  Data  Gb  debug.o [1]
G_au8MessageOFF         0x2000043c    0x8  Data  Gb  utilities.o [1]
G_au8MessageON          0x20000434    0x8  Data  Gb  utilities.o [1]
G_eAntApiCurrentMessageClass
                        0x20001791    0x1  Data  Gb  ant_api.o [1]
G_sAntApiCurrentMessageExtData
                        0x20001618    0x8  Data  Gb  ant_api.o [1]
G_sAntApplicationMsgList
                        0x20001634    0x4  Data  Gb  ant.o [1]
G_stMessageResponse     0x20001630    0x4  Data  Gb  ant.o [1]
G_u32AntApiCurrentMessageTimeStamp
                        0x20001684    0x4  Data  Gb  ant_api.o [1]
G_u32AntFlags           0x2000162c    0x4  Data  Gb  ant.o [1]
G_u32ApplicationFlags   0x200016dc    0x4  Data  Gb  main.o [1]
G_u32DebugFlags         0x200016a4    0x4  Data  Gb  debug.o [1]
G_u32MessagingFlags     0x200016e0    0x4  Data  Gb  messaging.o [1]
G_u32Ssp1ApplicationFlags
                        0x20001708    0x4  Data  Gb  sam3u_ssp.o [1]
G_u32Ssp2ApplicationFlags
                        0x2000170c    0x4  Data  Gb  sam3u_ssp.o [1]
G_u32SystemFlags        0x200016d8    0x4  Data  Gb  main.o [1]
G_u32SystemTime1ms      0x200016c0    0x4  Data  Gb  eief1-pcb-01.o [1]
G_u32SystemTime1s       0x200016c4    0x4  Data  Gb  eief1-pcb-01.o [1]
G_u32Uart0ApplicationFlags
                        0x2000173c    0x4  Data  Gb  sam3u_uart.o [1]
G_u32UartApplicationFlags
                        0x20001738    0x4  Data  Gb  sam3u_uart.o [1]
G_u8DebugScanfCharCount
                        0x20001795    0x1  Data  Gb  debug.o [1]
GetButtonBitLocation    0x000847ed   0x26  Code  Gb  buttons.o [1]
GpioSetup               0x00084053   0xea  Code  Gb  eief1-pcb-01.o [1]
HDMA_IrqHandler         0x00081375    0x2  Code  Wk  exceptions.o [1]
HEAP$$Base              0x20080000          --   Gb  - Linker created -
HEAP$$Limit             0x20084000          --   Gb  - Linker created -
HSMC4_IrqHandler        0x0008135f    0x2  Code  Wk  exceptions.o [1]
HardFault_Handler       0x00084b47   0x34  Code  Gb  interrupts.o [1]
HexToASCIICharLower     0x000813b1   0x28  Code  Gb  utilities.o [1]
InStream_Read           0x00084c99   0x22  Code  Lc  lz77_init.o [4]
InterruptSetup          0x00084afd   0x4a  Code  Gb  interrupts.o [1]
IrqHandlerNotUsed       0x0008133f    0x2  Code  Gb  exceptions.o [1]
IsTimeUp                0x00081379   0x38  Code  Gb  utilities.o [1]
Key                     0x2000179d    0x1  Data  Lc  user_app1.o [1]
LCDCommand              0x00084985   0x2a  Code  Gb  lcd_nhd-c0220biz.o [1]
LCDMessage              0x000849af   0x38  Code  Gb  lcd_nhd-c0220biz.o [1]
LcdInitialize           0x000849e7   0xb2  Code  Gb  lcd_nhd-c0220biz.o [1]
LcdRunActiveState       0x00084a99    0xa  Code  Gb  lcd_nhd-c0220biz.o [1]
LcdSM_Idle              0x00084ad1    0x2  Code  Gb  lcd_nhd-c0220biz.o [1]
Lcd_StateMachine        0x200016d0    0x4  Data  Lc  lcd_nhd-c0220biz.o [1]
Lcd_u32Timer            0x200016d4    0x4  Data  Lc  lcd_nhd-c0220biz.o [1]
LedBlink                0x00082fa9   0x2c  Code  Gb  leds.o [1]
LedInitialize           0x00082fd5   0xb8  Code  Gb  leds.o [1]
LedOff                  0x00082f2f   0x58  Code  Gb  leds.o [1]
LedOn                   0x00082ed5   0x5a  Code  Gb  leds.o [1]
LedToggle               0x00082f87   0x22  Code  Gb  leds.o [1]
LedUpdate               0x0008308d  0x162  Code  Gb  leds.o [1]
Led_au32BitPositions    0x200001b0   0x2c  Data  Lc  leds.o [1]
Leds_asLedArray         0x20000000   0x70  Data  Lc  leds.o [1]
MCI0_IrqHandler         0x00081365    0x2  Code  Wk  exceptions.o [1]
MemManage_Handler       0x00081343    0x2  Code  Wk  exceptions.o [1]
MessagingIdle           0x000828d1   0x1c  Code  Gb  messaging.o [1]
MessagingInitialize     0x00082805   0x72  Code  Gb  messaging.o [1]
MessagingRunActiveState
                        0x00082877    0xa  Code  Gb  messaging.o [1]
Messaging_pfnStateMachine
                        0x200016e4    0x4  Data  Lc  messaging.o [1]
Msg_Pool                0x20000464  0x900  Data  Lc  messaging.o [1]
Msg_StatusQueue         0x20000d64  0x300  Data  Lc  messaging.o [1]
Msg_pNextStatus         0x200016ec    0x4  Data  Lc  messaging.o [1]
Msg_u32Token            0x200016e8    0x4  Data  Lc  messaging.o [1]
Msg_u8QueuedMessageCount
                        0x20001798    0x1  Data  Lc  messaging.o [1]
NMI_Handler             0x00081341    0x2  Code  Wk  exceptions.o [1]
NVIC_ClearPendingIRQ    0x00084e89   0x14  Code  Lc  adc12.o [1]
NVIC_ClearPendingIRQ    0x00084705   0x14  Code  Lc  buttons.o [1]
NVIC_ClearPendingIRQ    0x00084ae9   0x14  Code  Lc  interrupts.o [1]
NVIC_ClearPendingIRQ    0x000832bb   0x16  Code  Lc  sam3u_i2c.o [1]
NVIC_ClearPendingIRQ    0x00081c33   0x16  Code  Lc  sam3u_ssp.o [1]
NVIC_ClearPendingIRQ    0x00082973   0x16  Code  Lc  sam3u_uart.o [1]
NVIC_ClearPendingIRQ    0x00084fdd   0x14  Code  Lc  timer.o [1]
NVIC_DisableIRQ         0x00084ad5   0x14  Code  Lc  interrupts.o [1]
NVIC_EnableIRQ          0x00084e75   0x14  Code  Lc  adc12.o [1]
NVIC_EnableIRQ          0x000846f1   0x14  Code  Lc  buttons.o [1]
NVIC_EnableIRQ          0x000832a5   0x16  Code  Lc  sam3u_i2c.o [1]
NVIC_EnableIRQ          0x00081c1d   0x16  Code  Lc  sam3u_ssp.o [1]
NVIC_EnableIRQ          0x0008295d   0x16  Code  Lc  sam3u_uart.o [1]
NVIC_EnableIRQ          0x00084fc9   0x14  Code  Lc  timer.o [1]
NumberToAscii           0x000813d9   0x78  Code  Gb  utilities.o [1]
OutStream_Write         0x00084cbb   0x40  Code  Lc  lz77_init.o [4]
PIOA_IrqHandler         0x00084bb7   0x54  Code  Gb  interrupts.o [1]
PIOB_IrqHandler         0x00084c0b   0x54  Code  Gb  interrupts.o [1]
PIOC_IrqHandler         0x00081361    0x2  Code  Wk  exceptions.o [1]
PMC_IrqHandler          0x00081359    0x2  Code  Wk  exceptions.o [1]
PWMAudioOff             0x000841f5    0x6  Code  Gb  eief1-pcb-01.o [1]
PWMAudioOn              0x000841ef    0x6  Code  Gb  eief1-pcb-01.o [1]
PWMAudioSetFrequency    0x00084199   0x56  Code  Gb  eief1-pcb-01.o [1]
PWMSetupAudio           0x0008413d   0x5c  Code  Gb  eief1-pcb-01.o [1]
PWM_IrqHandler          0x00081371    0x2  Code  Wk  exceptions.o [1]
PendSV_Handler          0x0008134d    0x2  Code  Wk  exceptions.o [1]
QueryMessageStatus      0x0008267d   0x38  Code  Gb  messaging.o [1]
QueueMessage            0x000826b5   0xfa  Code  Gb  messaging.o [1]
RSTC_IrqHandler         0x00081351    0x2  Code  Wk  exceptions.o [1]
RTC_IrqHandler          0x00081353    0x2  Code  Wk  exceptions.o [1]
RTT_IrqHandler          0x00081355    0x2  Code  Wk  exceptions.o [1]
Region$$Table$$Base     0x0008550c          --   Gb  - Linker created -
Region$$Table$$Limit    0x00085538          --   Gb  - Linker created -
SD_pfStateMachine       0x20001760    0x4  Data  Lc  sdcard.o [1]
SPI0_IrqHandler         0x00081369    0x2  Code  Wk  exceptions.o [1]
SSC0_IrqHandler         0x0008136b    0x2  Code  Wk  exceptions.o [1]
SSP_Peripheral0         0x20001444   0x38  Data  Lc  sam3u_ssp.o [1]
SSP_Peripheral1         0x2000147c   0x38  Data  Lc  sam3u_ssp.o [1]
SSP_Peripheral2         0x200014b4   0x38  Data  Lc  sam3u_ssp.o [1]
SSP_psCurrentISR        0x20001720    0x4  Data  Lc  sam3u_ssp.o [1]
SSP_psCurrentSsp        0x2000171c    0x4  Data  Lc  sam3u_ssp.o [1]
SSP_pu32SspApplicationFlagsISR
                        0x20001724    0x4  Data  Lc  sam3u_ssp.o [1]
SSP_u32AntCounter       0x20001730    0x4  Data  Lc  sam3u_ssp.o [1]
SSP_u32Flags            0x20001718    0x4  Data  Lc  sam3u_ssp.o [1]
SSP_u32Int1Count        0x20001728    0x4  Data  Lc  sam3u_ssp.o [1]
SSP_u32Int2Count        0x2000172c    0x4  Data  Lc  sam3u_ssp.o [1]
SSP_u32RxCounter        0x20001734    0x4  Data  Lc  sam3u_ssp.o [1]
SSP_u32Timer            0x20001714    0x4  Data  Lc  sam3u_ssp.o [1]
SUPC_IrqHandler         0x0008134f    0x2  Code  Wk  exceptions.o [1]
SVC_Handler             0x00081349    0x2  Code  Wk  exceptions.o [1]
SdCardInitialize        0x000851ad   0x34  Code  Gb  sdcard.o [1]
SdCardRunActiveState    0x000851e1    0xc  Code  Gb  sdcard.o [1]
SdCardSM_Disabled       0x000851f9    0x2  Code  Lc  sdcard.o [1]
SspGenericHandler       0x00081f55  0x392  Code  Gb  sam3u_ssp.o [1]
SspInitialize           0x00081dc1   0xec  Code  Gb  sam3u_ssp.o [1]
SspManualMode           0x00081eb9   0x48  Code  Gb  sam3u_ssp.o [1]
SspRequest              0x00081c49  0x148  Code  Gb  sam3u_ssp.o [1]
SspRunActiveState       0x00081ead    0xc  Code  Gb  sam3u_ssp.o [1]
SspSM_Idle              0x000822e9  0x1ee  Code  Gb  sam3u_ssp.o [1]
SspWriteData            0x00081d91   0x30  Code  Gb  sam3u_ssp.o [1]
Ssp_pfnStateMachine     0x20001710    0x4  Data  Lc  sam3u_ssp.o [1]
SysTickSetup            0x00083fa9   0x22  Code  Gb  eief1-pcb-01.o [1]
SysTick_Handler         0x00084b7b   0x3c  Code  Gb  interrupts.o [1]
SystemSleep             0x00083fcb   0x7a  Code  Gb  eief1-pcb-01.o [1]
SystemStatusReport      0x000815e5   0x74  Code  Gb  debug.o [1]
TC0_IrqHandler          0x0008136d    0x2  Code  Wk  exceptions.o [1]
TC1_IrqHandler          0x0008505d   0x24  Code  Gb  timer.o [1]
TC2_IrqHandler          0x0008136f    0x2  Code  Wk  exceptions.o [1]
TWI0                    0x200016fc    0x4  Data  Lc  sam3u_i2c.o [1]
TWI0FillTxBuffer        0x0008358f   0x96  Code  Lc  sam3u_i2c.o [1]
TWI0WriteByte           0x000832d1   0xd6  Code  Gb  sam3u_i2c.o [1]
TWI0WriteData           0x000833a7   0xda  Code  Gb  sam3u_i2c.o [1]
TWI0_IrqHandler         0x00083663   0xb8  Code  Gb  sam3u_i2c.o [1]
TWI1_IrqHandler         0x00081367    0x2  Code  Wk  exceptions.o [1]
TWIInitialize           0x00083481  0x102  Code  Gb  sam3u_i2c.o [1]
TWIManualMode           0x00083625   0x3e  Code  Lc  sam3u_i2c.o [1]
TWIRunActiveState       0x00083583    0xc  Code  Gb  sam3u_i2c.o [1]
TWISM_Error             0x000839ad   0x94  Code  Gb  sam3u_i2c.o [1]
TWISM_Idle              0x0008371d  0x142  Code  Gb  sam3u_i2c.o [1]
TWISM_Receiving         0x00083935   0x78  Code  Gb  sam3u_i2c.o [1]
TWISM_Transmitting      0x00083861   0xd2  Code  Gb  sam3u_i2c.o [1]
TWI_MessageBuffer       0x20001164  0x100  Data  Lc  sam3u_i2c.o [1]
TWI_MessageBufferCurIndex
                        0x2000179a    0x1  Data  Lc  sam3u_i2c.o [1]
TWI_MessageBufferNextIndex
                        0x20001799    0x1  Data  Lc  sam3u_i2c.o [1]
TWI_MessageQueueLength  0x2000179b    0x1  Data  Lc  sam3u_i2c.o [1]
TWI_Peripheral0         0x200015f4   0x10  Data  Lc  sam3u_i2c.o [1]
TWI_StateMachine        0x200016f0    0x4  Data  Lc  sam3u_i2c.o [1]
TWI_pu8CurrentTxData    0x20001704    0x4  Data  Lc  sam3u_i2c.o [1]
TWI_u32CurrentBytesRemaining
                        0x20001700    0x4  Data  Lc  sam3u_i2c.o [1]
TWI_u32Flags            0x200016f8    0x4  Data  Lc  sam3u_i2c.o [1]
TWI_u32Timer            0x200016f4    0x4  Data  Lc  sam3u_i2c.o [1]
TimerDefaultCallback    0x000846ef    0x2  Code  Gb  timer.o [1]
TimerInitialize         0x00084ff1   0x62  Code  Gb  timer.o [1]
TimerRunActiveState     0x00085053    0xa  Code  Gb  timer.o [1]
TimerSM_Idle            0x000850c5    0x2  Code  Lc  timer.o [1]
Timer_StateMachine      0x20001764    0x4  Data  Lc  timer.o [1]
Timer_u32Timer1Counter  0x2000176c    0x4  Data  Lc  timer.o [1]
UART_Peripheral         0x20001510   0x24  Data  Lc  sam3u_uart.o [1]
UART_Peripheral0        0x20001534   0x24  Data  Lc  sam3u_uart.o [1]
UART_Peripheral1        0x20001558   0x24  Data  Lc  sam3u_uart.o [1]
UART_Peripheral2        0x2000157c   0x24  Data  Lc  sam3u_uart.o [1]
UART_psCurrentISR       0x20001750    0x4  Data  Lc  sam3u_uart.o [1]
UART_psCurrentUart      0x2000174c    0x4  Data  Lc  sam3u_uart.o [1]
UART_pu32ApplicationFlagsISR
                        0x20001754    0x4  Data  Lc  sam3u_uart.o [1]
UART_u32Flags           0x20001748    0x4  Data  Lc  sam3u_uart.o [1]
UART_u32Int0Count       0x2000175c    0x4  Data  Lc  sam3u_uart.o [1]
UART_u32IntCount        0x20001758    0x4  Data  Lc  sam3u_uart.o [1]
UART_u32Timer           0x20001744    0x4  Data  Lc  sam3u_uart.o [1]
UART_u8ActiveUarts      0x2000179c    0x1  Data  Lc  sam3u_uart.o [1]
UDPD_IrqHandler         0x00081377    0x2  Code  Wk  exceptions.o [1]
USART0_IrqHandler       0x00082c77   0x1e  Code  Gb  sam3u_uart.o [1]
USART1_IrqHandler       0x00081f01   0x2a  Code  Gb  sam3u_ssp.o [1]
USART2_IrqHandler       0x00081f2b   0x2a  Code  Gb  sam3u_ssp.o [1]
USART3_IrqHandler       0x00081363    0x2  Code  Wk  exceptions.o [1]
UartGenericHandler      0x00082c95   0xf4  Code  Gb  sam3u_uart.o [1]
UartInitialize          0x00082b1d   0xfc  Code  Gb  sam3u_uart.o [1]
UartManualMode          0x00082c23   0x36  Code  Lc  sam3u_uart.o [1]
UartRequest             0x00082989  0x138  Code  Gb  sam3u_uart.o [1]
UartRunActiveState      0x00082c19    0xa  Code  Gb  sam3u_uart.o [1]
UartSM_Idle             0x00082d8d   0xd8  Code  Gb  sam3u_uart.o [1]
UartWriteByte           0x00082ac1   0x30  Code  Gb  sam3u_uart.o [1]
UartWriteData           0x00082af1   0x2c  Code  Gb  sam3u_uart.o [1]
Uart_pfnStateMachine    0x20001740    0x4  Data  Lc  sam3u_uart.o [1]
UpdateMessageStatus     0x00082881   0x1c  Code  Gb  messaging.o [1]
UsageFault_Handler      0x00081347    0x2  Code  Wk  exceptions.o [1]
UserApp1Initialize      0x00084381   0xcc  Code  Gb  user_app1.o [1]
UserApp1RunActiveState  0x00084485    0xa  Code  Gb  user_app1.o [1]
UserApp1SM_AntChannelAssign
                        0x0008444d   0x38  Code  Lc  user_app1.o [1]
UserApp1SM_Error        0x000846ed    0x2  Code  Lc  user_app1.o [1]
UserApp1SM_Idle         0x00084491  0x202  Code  Lc  user_app1.o [1]
UserApp1_StateMachine   0x20001770    0x4  Data  Lc  user_app1.o [1]
UserApp1_sChannelInfo   0x200015c0   0x14  Data  Lc  user_app1.o [1]
UserApp1_u32Timeout     0x20001774    0x4  Data  Lc  user_app1.o [1]
UserApp2Initialize      0x000851fd    0xa  Code  Gb  user_app2.o [1]
UserApp2RunActiveState  0x00085207    0xa  Code  Gb  user_app2.o [1]
UserApp2SM_Idle         0x00085215    0x2  Code  Lc  user_app2.o [1]
UserApp2_StateMachine   0x2000177c    0x4  Data  Lc  user_app2.o [1]
UserApp3Initialize      0x00085219    0xa  Code  Gb  user_app3.o [1]
UserApp3RunActiveState  0x00085223    0xa  Code  Gb  user_app3.o [1]
UserApp3SM_Idle         0x00085231    0x2  Code  Lc  user_app3.o [1]
UserApp3_StateMachine   0x20001780    0x4  Data  Lc  user_app3.o [1]
WDT_IrqHandler          0x00081357    0x2  Code  Wk  exceptions.o [1]
WasButtonPressed        0x00084719   0x12  Code  Gb  buttons.o [1]
WatchDogSetup           0x00084045    0xe  Code  Gb  eief1-pcb-01.o [1]
__ICFEDIT_intvec_start__ {Abs}
                        0x00080000          --   Gb  command line/config [2]
__aeabi_memset          0x00083211         Code  Gb  ABImemset.o [4]
__as_entries_start      0xffffffff          --   Gb  command line/config [2]
__as_table_start        0xffffffff          --   Gb  command line/config [2]
__cmain                 0x00085625         Code  Gb  cmain.o [4]
__data_Aldata           0x20001620    0x8  Data  Gb  xxmemxmalloc.o [3]
__data_GetMemChunk      0x00083279   0x2c  Code  Gb  xgetmemchunk.o [3]
__exit                  0x00084e61   0x14  Code  Gb  exit.o [5]
__iar_Memset            0x00083211         Code  Gb  ABImemset.o [4]
__iar_Memset_word       0x00083219         Code  Gb  ABImemset.o [4]
__iar_data_init3        0x00085359   0x28  Code  Gb  data_init.o [4]
__iar_lz77_init3        0x00084cfb  0x160  Code  Gb  lz77_init.o [4]
__iar_program_start     0x000857a5         Code  Gb  cstartup_M.o [4]
__iar_unaligned___aeabi_memcpy
                        0x0008145d         Code  Gb  ABImemcpy_unaligned.o [4]
__iar_unaligned___aeabi_memcpy4
                        0x0008147d         Code  Gb  ABImemcpy_unaligned.o [4]
__iar_unaligned___aeabi_memcpy8
                        0x0008147d         Code  Gb  ABImemcpy_unaligned.o [4]
__iar_unaligned_strcpy  0x00082919         Code  Gb  strcpy_unaligned.o [4]
__iar_zero_init3        0x000814d3   0x22  Code  Gb  zero_init3.o [4]
__low_level_init        0x00085641   0x14  Code  Gb  board_cstartup_iar.o [1]
__vector_table          0x00080000   0xbc  Data  Gb  board_cstartup_iar.o [1]
_call_main              0x00085631         Code  Gb  cmain.o [4]
_exit                   0x00085659         Code  Gb  cexit.o [4]
_main                   0x0008563b         Code  Gb  cmain.o [4]
abc                     0x2000179e    0x1  Data  Lc  user_app1.o [1]
abort                   0x00084e5b    0x6  Code  Gb  abort.o [3]
au8DataContent_Battery  0x20000458    0x4  Data  Lc  user_app1.o [1]
au8DataContent_MID      0x2000045c    0x4  Data  Lc  user_app1.o [1]
au8DataContent_PID      0x20000450    0x4  Data  Lc  user_app1.o [1]
au8DataContent_Rate     0x20000454    0x4  Data  Lc  user_app1.o [1]
exit                    0x00085655    0x4  Code  Gb  exit.o [3]
fpTimer1Callback        0x20001768    0x4  Data  Lc  timer.o [1]
free                    0x000825fd   0x7a  Code  Gb  xxmemxfree.o [3]
main                    0x000850c9   0xe4  Code  Gb  main.o [1]
malloc                  0x0008254d   0xac  Code  Gb  xxmemxmalloc.o [3]
u32ledFrequency         0x20001778    0x4  Data  Lc  user_app1.o [1]


[1] = C:\Users\10428\Desktop\项目model\firmware_ascii\iar_7_20_1\Debug\Obj
[2] = command line
[3] = dl7M_tln.a
[4] = rt7M_tl.a
[5] = shb_l.a

  20 966 bytes of readonly  code memory
   2 210 bytes of readonly  data memory
  26 527 bytes of readwrite data memory

Errors: none
Warnings: none
